[2025-08-10 19:31:02] LOGIN SUCCESS: testuser
[2025-08-10 19:31:02] LOGIN SUCCESS: testuser
[2025-08-10 19:31:03] LOGIN FAILED: testuser
[2025-08-10 19:31:03] LOGIN SUCCESS: ratetest
[2025-08-10 19:31:03] LOGIN FAILED: ratetest
[2025-08-10 19:31:03] LOGIN FAILED: ratetest
[2025-08-10 19:31:03] LOGIN FAILED: ratetest
[2025-08-10 19:31:03] LOGIN FAILED: ratetest
[2025-08-10 19:31:03] LOGIN FAILED: ratetest
[2025-08-10 19:31:03] LOGIN FAILED: legacyuser
[2025-08-10 19:31:03] LOGIN FAILED: legacyuser
[2025-08-10 19:31:50] LOGIN SUCCESS: testuser
[2025-08-10 19:31:51] LOGIN SUCCESS: testuser
[2025-08-10 19:31:51] LOGIN FAILED: testuser
[2025-08-10 19:31:51] LOGIN SUCCESS: ratetest
[2025-08-10 19:31:51] LOGIN FAILED: ratetest
[2025-08-10 19:31:51] LOGIN FAILED: ratetest
[2025-08-10 19:31:52] LOGIN FAILED: ratetest
[2025-08-10 19:31:52] LOGIN FAILED: ratetest
[2025-08-10 19:31:52] LOGIN FAILED: ratetest
[2025-08-10 19:31:52] LOGIN SUCCESS: legacyuser
[2025-08-10 19:31:52] LOGIN SUCCESS: legacyuser
